[INFO] Scanning for projects...
[INFO] 
[INFO] -------------------< org.GaizkaFrost:Anuario_Magico >-------------------
[INFO] Building javafx_frontend 1.0
[INFO]   from pom.xml
[INFO] --------------------------------[ jar ]---------------------------------
[INFO] 
[INFO] --- clean:3.2.0:clean (default-clean) @ Anuario_Magico ---
[INFO] Deleting C:\Users\diieg\Desktop\DAM\PROYECTOS\AnuarioMagico\frontend\target
[INFO] 
[INFO] --- resources:3.3.1:resources (default-resources) @ Anuario_Magico ---
[INFO] Copying 24 resources from src\main\resources to target\classes
[INFO] 
[INFO] --- compiler:3.8.0:compile (default-compile) @ Anuario_Magico ---
[WARNING] ********************************************************************************************************************
[WARNING] * Required filename-based automodules detected. Please don't publish this project to a public artifact repository! *
[WARNING] ********************************************************************************************************************
[INFO] Changes detected - recompiling the module!
[INFO] Compiling 10 source files to C:\Users\diieg\Desktop\DAM\PROYECTOS\AnuarioMagico\frontend\target\classes
[INFO] ------------------------------------------------------------------------
[INFO] BUILD SUCCESS
[INFO] ------------------------------------------------------------------------
[INFO] Total time:  3.700 s
[INFO] Finished at: 2025-12-19T08:12:45+01:00
[INFO] ------------------------------------------------------------------------
